#-----------------------------------------------------------
# Vivado v2024.2 (64-bit)
# SW Build 5239630 on Fri Nov 08 22:34:34 MST 2024
# IP Build 5239520 on Sun Nov 10 16:12:51 MST 2024
# SharedData Build 5239561 on Fri Nov 08 14:39:27 MST 2024
# Start of session at: Tue Jul 28 06:49:16 2026
# Process ID         : 173329
# Current directory  : /home/dlgus0630/Downloads/voltage_display_ip_ready_run_v3/voltage_display_ip
# Command line       : vivado -mode batch -source scripts/package_voltage_display_ip.tcl -log reports/package_voltage_display_ip.log -journal reports/package_voltage_display_ip.jou
# Log file           : /home/dlgus0630/Downloads/voltage_display_ip_ready_run_v3/voltage_display_ip/reports/package_voltage_display_ip.log
# Journal file       : /home/dlgus0630/Downloads/voltage_display_ip_ready_run_v3/voltage_display_ip/reports/package_voltage_display_ip.jou
# Running On         : dlgus0630-850XAC
# Platform           : Ubuntu
# Operating System   : Ubuntu 24.04.4 LTS
# Processor Detail   : Intel(R) Core(TM) i7-8750H CPU @ 2.20GHz
# CPU Frequency      : 3997.883 MHz
# CPU Physical cores : 6
# CPU Logical cores  : 12
# Host memory        : 16693 MB
# Swap memory        : 32000 MB
# Total Virtual      : 48694 MB
# Available Virtual  : 41424 MB
#-----------------------------------------------------------
source scripts/package_voltage_display_ip.tcl
# set script_dir [file normalize [file dirname [info script]]]
# set root_dir   [file normalize [file join $script_dir ".."]]
# set rtl_dir    [file join $root_dir "rtl"]
# set sim_dir    [file join $root_dir "sim"]
# set build_dir  [file join $root_dir "vivado_build"]
# set report_dir [file join $root_dir "reports"]
# set ip_dir     [file join $root_dir "packaged_ip" "voltage_display_ip_1.0"]
# set part_name  "xc7a35tcpg236-1"
# set clock_hz   100000000
# set clock_ns   10.000
# set max_timing_paths 1000000
# set rtl_files [list \
#     [file join $rtl_dir "voltage_display_convert.v"] \
#     [file join $rtl_dir "voltage_display_bcd.v"] \
#     [file join $rtl_dir "voltage_display_scan.v"] \
#     [file join $rtl_dir "voltage_display_ip.v"]]
# set tb_file  [file join $sim_dir "tb_voltage_display_ip.v"]
# set ooc_xdc  [file join $script_dir "voltage_display_ip_ooc.xdc"]
# proc require_file {path} {
#     if {![file isfile $path]} {
#         error "Required file not found: $path"
#     }
# }
# proc get_or_add_bus_interface {name core} {
#     set bus_if [ipx::get_bus_interfaces $name -of_objects $core]
#     if {[llength $bus_if] == 0} {
#         # Some Vivado releases return an object-type token rather than the
#         # newly created object. Add it, then query the core again.
#         ipx::add_bus_interface $name $core
#         set bus_if [ipx::get_bus_interfaces $name -of_objects $core]
#     }
#     if {[llength $bus_if] != 1} {
#         error "Expected exactly one bus interface named '$name'."
#     }
#     return [lindex $bus_if 0]
# }
# proc get_or_add_port_map {logical_name bus_if} {
#     set port_map [ipx::get_port_maps $logical_name -of_objects $bus_if]
#     if {[llength $port_map] == 0} {
#         # Re-query after creation for Vivado-version-independent behavior.
#         ipx::add_port_map $logical_name $bus_if
#         set port_map [ipx::get_port_maps $logical_name -of_objects $bus_if]
#     }
#     if {[llength $port_map] != 1} {
#         error "Expected exactly one port map named '$logical_name'."
#     }
#     return [lindex $port_map 0]
# }
# proc get_or_add_bus_parameter {name bus_if} {
#     set bus_param [ipx::get_bus_parameters $name -of_objects $bus_if]
#     if {[llength $bus_param] == 0} {
#         # Vivado 2024.2 can return the literal token "bus_parameter" from
#         # ipx::add_bus_parameter. Do not use that return value as an object.
#         ipx::add_bus_parameter $name $bus_if
#         set bus_param [ipx::get_bus_parameters $name -of_objects $bus_if]
#     }
#     if {[llength $bus_param] != 1} {
#         error "Expected exactly one bus parameter named '$name'."
#     }
#     return [lindex $bus_param 0]
# }
# proc close_vivado_context {} {
#     catch {close_vcd}
#     catch {close_sim}
#     if {[llength [get_projects -quiet]] != 0} {
#         catch {close_project}
#     }
# }
# proc sum_negative_slack {paths} {
#     set total 0.0
#     foreach timing_path $paths {
#         set slack [get_property SLACK $timing_path]
#         if {$slack < 0.0} {
#             set total [expr {$total + $slack}]
#         }
#     }
#     return $total
# }
# if {[llength [get_projects -quiet]] != 0} {
#     error "A Vivado project is already open. Save and close it, then run this script again."
# }
VOLTAGE_DISPLAY_IP: behavioral simulation started
Command: launch_simulation  -simset sim_1 -mode behavioral
INFO: [Vivado 12-12493] Simulation top is 'tb_voltage_display_ip'
INFO: [Vivado 12-5682] Launching behavioral simulation in '/home/dlgus0630/Downloads/voltage_display_ip_ready_run_v3/voltage_display_ip/vivado_build/validation/voltage_display_ip_validation.sim/sim_1/behav/xsim'
INFO: [SIM-utils-51] Simulation object is 'sim_1'
INFO: [SIM-utils-72] Using boost library from '/tools/Xilinx/Vivado/2024.2/tps/boost_1_72_0'
INFO: [SIM-utils-54] Inspecting design source files for 'tb_voltage_display_ip' in fileset 'sim_1'...
INFO: [USF-XSim-97] Finding global include files...
INFO: [USF-XSim-98] Fetching design files from 'sim_1'...
INFO: [USF-XSim-2] XSim::Compile design
INFO: [USF-XSim-61] Executing 'COMPILE and ANALYZE' step in '/home/dlgus0630/Downloads/voltage_display_ip_ready_run_v3/voltage_display_ip/vivado_build/validation/voltage_display_ip_validation.sim/sim_1/behav/xsim'
xvlog --incr --relax -prj tb_voltage_display_ip_vlog.prj
INFO: [VRFC 10-2263] Analyzing Verilog file "/home/dlgus0630/Downloads/voltage_display_ip_ready_run_v3/voltage_display_ip/rtl/voltage_display_bcd.v" into library xil_defaultlib
INFO: [VRFC 10-311] analyzing module voltage_display_bcd
INFO: [VRFC 10-2263] Analyzing Verilog file "/home/dlgus0630/Downloads/voltage_display_ip_ready_run_v3/voltage_display_ip/rtl/voltage_display_convert.v" into library xil_defaultlib
INFO: [VRFC 10-311] analyzing module voltage_display_convert
INFO: [VRFC 10-2263] Analyzing Verilog file "/home/dlgus0630/Downloads/voltage_display_ip_ready_run_v3/voltage_display_ip/rtl/voltage_display_ip.v" into library xil_defaultlib
INFO: [VRFC 10-311] analyzing module voltage_display_ip
INFO: [VRFC 10-2263] Analyzing Verilog file "/home/dlgus0630/Downloads/voltage_display_ip_ready_run_v3/voltage_display_ip/rtl/voltage_display_scan.v" into library xil_defaultlib
INFO: [VRFC 10-311] analyzing module voltage_display_scan
INFO: [VRFC 10-2263] Analyzing Verilog file "/home/dlgus0630/Downloads/voltage_display_ip_ready_run_v3/voltage_display_ip/sim/tb_voltage_display_ip.v" into library xil_defaultlib
INFO: [VRFC 10-311] analyzing module tb_voltage_display_ip
INFO: [VRFC 10-2263] Analyzing Verilog file "/home/dlgus0630/Downloads/voltage_display_ip_ready_run_v3/voltage_display_ip/vivado_build/validation/voltage_display_ip_validation.sim/sim_1/behav/xsim/glbl.v" into library xil_defaultlib
INFO: [VRFC 10-311] analyzing module glbl
Waiting for jobs to finish...
No pending jobs, compilation finished.
INFO: [USF-XSim-69] 'compile' step finished in '2' seconds
INFO: [USF-XSim-3] XSim::Elaborate design
INFO: [USF-XSim-61] Executing 'ELABORATE' step in '/home/dlgus0630/Downloads/voltage_display_ip_ready_run_v3/voltage_display_ip/vivado_build/validation/voltage_display_ip_validation.sim/sim_1/behav/xsim'
xelab --incr --debug typical --relax --mt 8 -L xil_defaultlib -L unisims_ver -L unimacro_ver -L secureip --snapshot tb_voltage_display_ip_behav xil_defaultlib.tb_voltage_display_ip xil_defaultlib.glbl -log elaborate.log
Vivado Simulator v2024.2.0
Copyright 1986-2022 Xilinx, Inc. All Rights Reserved.
Copyright 2022-2024 Advanced Micro Devices, Inc. All Rights Reserved.
Running: /tools/Xilinx/Vivado/2024.2/bin/unwrapped/lnx64.o/xelab --incr --debug typical --relax --mt 8 -L xil_defaultlib -L unisims_ver -L unimacro_ver -L secureip --snapshot tb_voltage_display_ip_behav xil_defaultlib.tb_voltage_display_ip xil_defaultlib.glbl -log elaborate.log 
Using 8 slave threads.
Starting static elaboration
Pass Through NonSizing Optimizer
Completed static elaboration
Starting simulation data flow analysis
Completed simulation data flow analysis
Time Resolution for simulation is 1ps
Compiling module xil_defaultlib.voltage_display_convert
Compiling module xil_defaultlib.voltage_display_bcd
Compiling module xil_defaultlib.voltage_display_scan
Compiling module xil_defaultlib.voltage_display_ip(SCAN_TICK_CYC...
Compiling module xil_defaultlib.tb_voltage_display_ip
Compiling module xil_defaultlib.glbl
Built simulation snapshot tb_voltage_display_ip_behav
INFO: [USF-XSim-69] 'elaborate' step finished in '3' seconds
INFO: [USF-XSim-4] XSim::Simulate design
INFO: [USF-XSim-61] Executing 'SIMULATE' step in '/home/dlgus0630/Downloads/voltage_display_ip_ready_run_v3/voltage_display_ip/vivado_build/validation/voltage_display_ip_validation.sim/sim_1/behav/xsim'
INFO: [USF-XSim-98] *** Running xsim
   with args "tb_voltage_display_ip_behav -key {Behavioral:sim_1:Functional:tb_voltage_display_ip} -tclbatch {tb_voltage_display_ip.tcl} -log {simulate.log}"
INFO: [USF-XSim-8] Loading simulator feature
Time resolution is 1 ps
source tb_voltage_display_ip.tcl
INFO: [USF-XSim-96] XSim completed. Design snapshot 'tb_voltage_display_ip_behav' loaded.
INFO: [USF-XSim-97] XSim simulation ran for 1000ns
launch_simulation: Time (s): cpu = 00:00:05 ; elapsed = 00:00:07 . Memory (MB): peak = 1432.164 ; gain = 61.309 ; free physical = 1231 ; free virtual = 39071
VOLTAGE_DISPLAY_IP TEST PASS
$finish called at time : 6300 ns : File "/home/dlgus0630/Downloads/voltage_display_ip_ready_run_v3/voltage_display_ip/sim/tb_voltage_display_ip.v" Line 348
INFO: [Simtcl 6-16] Simulation closed
VOLTAGE_DISPLAY_IP: behavioral simulation completed
VOLTAGE_DISPLAY_IP: out-of-context synthesis started
Command: synth_design -top voltage_display_ip -part xc7a35tcpg236-1 -mode out_of_context
Starting synth_design
Attempting to get a license for feature 'Synthesis' and/or device 'xc7a35t'
INFO: [Common 17-349] Got license for feature 'Synthesis' and/or device 'xc7a35t'
INFO: [Device 21-403] Loading part xc7a35tcpg236-1
INFO: [Synth 8-7079] Multithreading enabled for synth_design using a maximum of 7 processes.
INFO: [Synth 8-7078] Launching helper process for spawning children vivado processes
INFO: [Synth 8-7075] Helper process launched with PID 173517
---------------------------------------------------------------------------------
Starting RTL Elaboration : Time (s): cpu = 00:00:04 ; elapsed = 00:00:04 . Memory (MB): peak = 1867.793 ; gain = 420.828 ; free physical = 572 ; free virtual = 38413
---------------------------------------------------------------------------------
INFO: [Synth 8-6157] synthesizing module 'voltage_display_ip' [/home/dlgus0630/Downloads/voltage_display_ip_ready_run_v3/voltage_display_ip/rtl/voltage_display_ip.v:3]
INFO: [Synth 8-6157] synthesizing module 'voltage_display_convert' [/home/dlgus0630/Downloads/voltage_display_ip_ready_run_v3/voltage_display_ip/rtl/voltage_display_convert.v:3]
INFO: [Synth 8-6155] done synthesizing module 'voltage_display_convert' (0#1) [/home/dlgus0630/Downloads/voltage_display_ip_ready_run_v3/voltage_display_ip/rtl/voltage_display_convert.v:3]
INFO: [Synth 8-6157] synthesizing module 'voltage_display_bcd' [/home/dlgus0630/Downloads/voltage_display_ip_ready_run_v3/voltage_display_ip/rtl/voltage_display_bcd.v:3]
INFO: [Synth 8-6155] done synthesizing module 'voltage_display_bcd' (0#1) [/home/dlgus0630/Downloads/voltage_display_ip_ready_run_v3/voltage_display_ip/rtl/voltage_display_bcd.v:3]
INFO: [Synth 8-6157] synthesizing module 'voltage_display_scan' [/home/dlgus0630/Downloads/voltage_display_ip_ready_run_v3/voltage_display_ip/rtl/voltage_display_scan.v:3]
	Parameter SCAN_TICK_CYCLES bound to: 100000 - type: integer 
INFO: [Synth 8-226] default block is never used [/home/dlgus0630/Downloads/voltage_display_ip_ready_run_v3/voltage_display_ip/rtl/voltage_display_scan.v:53]
INFO: [Synth 8-6155] done synthesizing module 'voltage_display_scan' (0#1) [/home/dlgus0630/Downloads/voltage_display_ip_ready_run_v3/voltage_display_ip/rtl/voltage_display_scan.v:3]
INFO: [Synth 8-6155] done synthesizing module 'voltage_display_ip' (0#1) [/home/dlgus0630/Downloads/voltage_display_ip_ready_run_v3/voltage_display_ip/rtl/voltage_display_ip.v:3]
---------------------------------------------------------------------------------
Finished RTL Elaboration : Time (s): cpu = 00:00:06 ; elapsed = 00:00:06 . Memory (MB): peak = 1941.762 ; gain = 494.797 ; free physical = 494 ; free virtual = 38336
---------------------------------------------------------------------------------
---------------------------------------------------------------------------------
Start Handling Custom Attributes
---------------------------------------------------------------------------------
---------------------------------------------------------------------------------
Finished Handling Custom Attributes : Time (s): cpu = 00:00:06 ; elapsed = 00:00:06 . Memory (MB): peak = 1956.605 ; gain = 509.641 ; free physical = 490 ; free virtual = 38332
---------------------------------------------------------------------------------
---------------------------------------------------------------------------------
Finished RTL Optimization Phase 1 : Time (s): cpu = 00:00:06 ; elapsed = 00:00:06 . Memory (MB): peak = 1956.605 ; gain = 509.641 ; free physical = 490 ; free virtual = 38332
---------------------------------------------------------------------------------
Netlist sorting complete. Time (s): cpu = 00:00:00 ; elapsed = 00:00:00 . Memory (MB): peak = 1956.605 ; gain = 0.000 ; free physical = 490 ; free virtual = 38332
INFO: [Project 1-570] Preparing netlist for logic optimization

Processing XDC Constraints
Initializing timing engine
Parsing XDC File [/home/dlgus0630/Downloads/voltage_display_ip_ready_run_v3/voltage_display_ip/scripts/voltage_display_ip_ooc.xdc]
Finished Parsing XDC File [/home/dlgus0630/Downloads/voltage_display_ip_ready_run_v3/voltage_display_ip/scripts/voltage_display_ip_ooc.xdc]
Completed Processing XDC Constraints

Netlist sorting complete. Time (s): cpu = 00:00:00 ; elapsed = 00:00:00 . Memory (MB): peak = 2090.344 ; gain = 0.000 ; free physical = 497 ; free virtual = 38339
INFO: [Project 1-111] Unisim Transformation Summary:
No Unisim elements were transformed.

Constraint Validation Runtime : Time (s): cpu = 00:00:00.01 ; elapsed = 00:00:00 . Memory (MB): peak = 2090.344 ; gain = 0.000 ; free physical = 497 ; free virtual = 38339
---------------------------------------------------------------------------------
Finished Constraint Validation : Time (s): cpu = 00:00:14 ; elapsed = 00:00:14 . Memory (MB): peak = 2090.344 ; gain = 643.379 ; free physical = 544 ; free virtual = 38387
---------------------------------------------------------------------------------
---------------------------------------------------------------------------------
Start Loading Part and Timing Information
---------------------------------------------------------------------------------
Loading part: xc7a35tcpg236-1
---------------------------------------------------------------------------------
Finished Loading Part and Timing Information : Time (s): cpu = 00:00:14 ; elapsed = 00:00:14 . Memory (MB): peak = 2098.348 ; gain = 651.383 ; free physical = 544 ; free virtual = 38387
---------------------------------------------------------------------------------
---------------------------------------------------------------------------------
Start Applying 'set_property' XDC Constraints
---------------------------------------------------------------------------------
---------------------------------------------------------------------------------
Finished applying 'set_property' XDC Constraints : Time (s): cpu = 00:00:14 ; elapsed = 00:00:14 . Memory (MB): peak = 2098.348 ; gain = 651.383 ; free physical = 544 ; free virtual = 38387
---------------------------------------------------------------------------------
---------------------------------------------------------------------------------
Finished RTL Optimization Phase 2 : Time (s): cpu = 00:00:14 ; elapsed = 00:00:15 . Memory (MB): peak = 2098.348 ; gain = 651.383 ; free physical = 551 ; free virtual = 38395
---------------------------------------------------------------------------------
---------------------------------------------------------------------------------
Start RTL Component Statistics 
---------------------------------------------------------------------------------
Detailed RTL Component Info : 
+---Adders : 
	   2 Input   17 Bit       Adders := 1     
	   2 Input   13 Bit       Adders := 2     
	   2 Input    4 Bit       Adders := 26    
	   2 Input    2 Bit       Adders := 1     
+---Registers : 
	               32 Bit    Registers := 1     
	               12 Bit    Registers := 1     
	                2 Bit    Registers := 1     
	                1 Bit    Registers := 1     
+---Muxes : 
	   2 Input   17 Bit        Muxes := 1     
	   2 Input   12 Bit        Muxes := 1     
	   2 Input    4 Bit        Muxes := 19    
	   4 Input    4 Bit        Muxes := 2     
	   4 Input    1 Bit        Muxes := 1     
---------------------------------------------------------------------------------
Finished RTL Component Statistics 
---------------------------------------------------------------------------------
---------------------------------------------------------------------------------
Start Part Resource Summary
---------------------------------------------------------------------------------
Part Resources:
DSPs: 90 (col length:60)
BRAMs: 100 (col length: RAMB18 60 RAMB36 30)
---------------------------------------------------------------------------------
Finished Part Resource Summary
---------------------------------------------------------------------------------
---------------------------------------------------------------------------------
Start Cross Boundary and Area Optimization
---------------------------------------------------------------------------------
WARNING: [Synth 8-7080] Parallel synthesis criteria is not met
DSP Report: Generating DSP u_voltage_display_convert/converted_value3, operation Mode is: (C:0x7ff)+A*(B:0xce4).
DSP Report: operator u_voltage_display_convert/converted_value3 is absorbed into DSP u_voltage_display_convert/converted_value3.
DSP Report: operator u_voltage_display_convert/converted_value4 is absorbed into DSP u_voltage_display_convert/converted_value3.
---------------------------------------------------------------------------------
Finished Cross Boundary and Area Optimization : Time (s): cpu = 00:00:19 ; elapsed = 00:00:19 . Memory (MB): peak = 2098.348 ; gain = 651.383 ; free physical = 518 ; free virtual = 38363
---------------------------------------------------------------------------------
 Sort Area is  u_voltage_display_convert/converted_value3_0 : 0 0 : 664 664 : Used 1 time 0
---------------------------------------------------------------------------------
Start ROM, RAM, DSP, Shift Register and Retiming Reporting
---------------------------------------------------------------------------------

DSP: Preliminary Mapping Report (see note below. The ' indicates corresponding REG is set)
+------------------------+-----------------------+--------+--------+--------+--------+--------+------+------+------+------+-------+------+------+
|Module Name             | DSP Mapping           | A Size | B Size | C Size | D Size | P Size | AREG | BREG | CREG | DREG | ADREG | MREG | PREG | 
+------------------------+-----------------------+--------+--------+--------+--------+--------+------+------+------+------+-------+------+------+
|voltage_display_convert | (C:0x7ff)+A*(B:0xce4) | 12     | 12     | 11     | -      | 24     | 0    | 0    | 0    | -    | -     | 0    | 0    | 
+------------------------+-----------------------+--------+--------+--------+--------+--------+------+------+------+------+-------+------+------+

Note: The table above is a preliminary report that shows the DSPs inferred at the current stage of the synthesis flow. Some DSP may be reimplemented as non DSP primitives later in the synthesis flow. Multiple instantiated DSPs are reported only once.
---------------------------------------------------------------------------------
Finished ROM, RAM, DSP, Shift Register and Retiming Reporting
---------------------------------------------------------------------------------
---------------------------------------------------------------------------------
Start Applying XDC Timing Constraints
---------------------------------------------------------------------------------
---------------------------------------------------------------------------------
Finished Applying XDC Timing Constraints : Time (s): cpu = 00:00:27 ; elapsed = 00:00:28 . Memory (MB): peak = 2145.348 ; gain = 698.383 ; free physical = 439 ; free virtual = 38280
---------------------------------------------------------------------------------
---------------------------------------------------------------------------------
Start Timing Optimization
---------------------------------------------------------------------------------
---------------------------------------------------------------------------------
Finished Timing Optimization : Time (s): cpu = 00:00:32 ; elapsed = 00:00:33 . Memory (MB): peak = 2255.379 ; gain = 808.414 ; free physical = 333 ; free virtual = 38175
---------------------------------------------------------------------------------
---------------------------------------------------------------------------------
Start Technology Mapping
---------------------------------------------------------------------------------
---------------------------------------------------------------------------------
Finished Technology Mapping : Time (s): cpu = 00:00:32 ; elapsed = 00:00:33 . Memory (MB): peak = 2255.379 ; gain = 808.414 ; free physical = 333 ; free virtual = 38175
---------------------------------------------------------------------------------
---------------------------------------------------------------------------------
Start IO Insertion
---------------------------------------------------------------------------------
---------------------------------------------------------------------------------
Start Flattening Before IO Insertion
---------------------------------------------------------------------------------
---------------------------------------------------------------------------------
Finished Flattening Before IO Insertion
---------------------------------------------------------------------------------
---------------------------------------------------------------------------------
Start Final Netlist Cleanup
---------------------------------------------------------------------------------
---------------------------------------------------------------------------------
Finished Final Netlist Cleanup
---------------------------------------------------------------------------------
---------------------------------------------------------------------------------
Finished IO Insertion : Time (s): cpu = 00:00:36 ; elapsed = 00:00:36 . Memory (MB): peak = 2389.160 ; gain = 942.195 ; free physical = 235 ; free virtual = 38078
---------------------------------------------------------------------------------
---------------------------------------------------------------------------------
Start Renaming Generated Instances
---------------------------------------------------------------------------------
---------------------------------------------------------------------------------
Finished Renaming Generated Instances : Time (s): cpu = 00:00:36 ; elapsed = 00:00:36 . Memory (MB): peak = 2389.160 ; gain = 942.195 ; free physical = 235 ; free virtual = 38078
---------------------------------------------------------------------------------
---------------------------------------------------------------------------------
Start Rebuilding User Hierarchy
---------------------------------------------------------------------------------
---------------------------------------------------------------------------------
Finished Rebuilding User Hierarchy : Time (s): cpu = 00:00:36 ; elapsed = 00:00:36 . Memory (MB): peak = 2389.160 ; gain = 942.195 ; free physical = 235 ; free virtual = 38078
---------------------------------------------------------------------------------
---------------------------------------------------------------------------------
Start Renaming Generated Ports
---------------------------------------------------------------------------------
---------------------------------------------------------------------------------
Finished Renaming Generated Ports : Time (s): cpu = 00:00:36 ; elapsed = 00:00:36 . Memory (MB): peak = 2389.160 ; gain = 942.195 ; free physical = 235 ; free virtual = 38078
---------------------------------------------------------------------------------
---------------------------------------------------------------------------------
Start Handling Custom Attributes
---------------------------------------------------------------------------------
---------------------------------------------------------------------------------
Finished Handling Custom Attributes : Time (s): cpu = 00:00:36 ; elapsed = 00:00:36 . Memory (MB): peak = 2389.160 ; gain = 942.195 ; free physical = 235 ; free virtual = 38078
---------------------------------------------------------------------------------
---------------------------------------------------------------------------------
Start Renaming Generated Nets
---------------------------------------------------------------------------------
---------------------------------------------------------------------------------
Finished Renaming Generated Nets : Time (s): cpu = 00:00:36 ; elapsed = 00:00:36 . Memory (MB): peak = 2389.160 ; gain = 942.195 ; free physical = 235 ; free virtual = 38078
---------------------------------------------------------------------------------
---------------------------------------------------------------------------------
Start Writing Synthesis Report
---------------------------------------------------------------------------------

DSP Final Report (the ' indicates corresponding REG is set)
+------------------------+-------------+--------+--------+--------+--------+--------+------+------+------+------+-------+------+------+
|Module Name             | DSP Mapping | A Size | B Size | C Size | D Size | P Size | AREG | BREG | CREG | DREG | ADREG | MREG | PREG | 
+------------------------+-------------+--------+--------+--------+--------+--------+------+------+------+------+-------+------+------+
|voltage_display_convert | C+A*B       | 12     | 12     | 11     | -      | 24     | 0    | 0    | 0    | -    | -     | 0    | 0    | 
+------------------------+-------------+--------+--------+--------+--------+--------+------+------+------+------+-------+------+------+


Report BlackBoxes: 
+-+--------------+----------+
| |BlackBox name |Instances |
+-+--------------+----------+
+-+--------------+----------+

Report Cell Usage: 
+------+--------+------+
|      |Cell    |Count |
+------+--------+------+
|1     |CARRY4  |    12|
|2     |DSP48E1 |     1|
|3     |LUT2    |    39|
|4     |LUT3    |     8|
|5     |LUT4    |    10|
|6     |LUT5    |    14|
|7     |LUT6    |    55|
|8     |FDCE    |    32|
+------+--------+------+
---------------------------------------------------------------------------------
Finished Writing Synthesis Report : Time (s): cpu = 00:00:36 ; elapsed = 00:00:36 . Memory (MB): peak = 2389.160 ; gain = 942.195 ; free physical = 235 ; free virtual = 38078
---------------------------------------------------------------------------------
Synthesis finished with 0 errors, 0 critical warnings and 1 warnings.
Synthesis Optimization Runtime : Time (s): cpu = 00:00:33 ; elapsed = 00:00:34 . Memory (MB): peak = 2389.160 ; gain = 808.457 ; free physical = 235 ; free virtual = 38078
Synthesis Optimization Complete : Time (s): cpu = 00:00:36 ; elapsed = 00:00:36 . Memory (MB): peak = 2389.168 ; gain = 942.195 ; free physical = 235 ; free virtual = 38078
INFO: [Project 1-571] Translating synthesized netlist
Netlist sorting complete. Time (s): cpu = 00:00:00 ; elapsed = 00:00:00 . Memory (MB): peak = 2389.168 ; gain = 0.000 ; free physical = 235 ; free virtual = 38078
INFO: [Netlist 29-17] Analyzing 13 Unisim elements for replacement
INFO: [Netlist 29-28] Unisim Transformation completed in 0 CPU seconds
INFO: [Project 1-570] Preparing netlist for logic optimization
Parsing XDC File [/home/dlgus0630/Downloads/voltage_display_ip_ready_run_v3/voltage_display_ip/scripts/voltage_display_ip_ooc.xdc]
Finished Parsing XDC File [/home/dlgus0630/Downloads/voltage_display_ip_ready_run_v3/voltage_display_ip/scripts/voltage_display_ip_ooc.xdc]
INFO: [Opt 31-138] Pushed 0 inverter(s) to 0 load pin(s).
Netlist sorting complete. Time (s): cpu = 00:00:00 ; elapsed = 00:00:00 . Memory (MB): peak = 2445.188 ; gain = 0.000 ; free physical = 401 ; free virtual = 38249
INFO: [Project 1-111] Unisim Transformation Summary:
No Unisim elements were transformed.

Synth Design complete | Checksum: 921a96e2
INFO: [Common 17-83] Releasing license: Synthesis
26 Infos, 1 Warnings, 0 Critical Warnings and 0 Errors encountered.
synth_design completed successfully
synth_design: Time (s): cpu = 00:00:44 ; elapsed = 00:00:41 . Memory (MB): peak = 2445.188 ; gain = 1013.023 ; free physical = 401 ; free virtual = 38249
INFO: [Common 17-2834] synth_design peak Physical Memory [PSS] (MB): overall = 1863.438; main = 1828.666; forked = 319.944
INFO: [Common 17-2834] synth_design peak Virtual Memory [VSS] (MB): overall = 3154.977; main = 2445.191; forked = 920.875
INFO: [Vivado 12-4761] HD.CLK_SRC property is set on port clk. The net connecting to the port drives either clock PIN or hierarchical black box. Use the create_clock constraint to create a clock on this port prior to setting HD.CLK_SRC. 
INFO: [Timing 38-91] UpdateTimingParams: Speed grade: -1, Delay Type: min_max.
INFO: [Timing 38-191] Multithreading enabled for timing update using a maximum of 8 CPUs
Command: report_methodology -file /home/dlgus0630/Downloads/voltage_display_ip_ready_run_v3/voltage_display_ip/reports/methodology_ooc.rpt
INFO: [Timing 38-35] Done setting XDC timing constraints.
INFO: [DRC 23-133] Running Methodology with 8 threads
WARNING: [DRC 23-814] Not all possible (connectivity based) DRCs may have been run because this design is seen as Out of Context.
INFO: [Vivado_Tcl 2-1520] The results of Report Methodology are in file /home/dlgus0630/Downloads/voltage_display_ip_ready_run_v3/voltage_display_ip/reports/methodology_ooc.rpt.
report_methodology completed successfully
Command: report_drc -file /home/dlgus0630/Downloads/voltage_display_ip_ready_run_v3/voltage_display_ip/reports/drc_ooc.rpt
INFO: [IP_Flow 19-234] Refreshing IP repositories
INFO: [IP_Flow 19-1704] No user IP repositories specified
INFO: [IP_Flow 19-2313] Loaded Vivado IP repository '/tools/Xilinx/Vivado/2024.2/data/ip'.
INFO: [DRC 23-27] Running DRC with 8 threads
WARNING: [DRC 23-814] Not all possible (connectivity based) DRCs may have been run because this design is seen as Out of Context.
INFO: [Vivado_Tcl 2-168] The results of DRC are in file /home/dlgus0630/Downloads/voltage_display_ip_ready_run_v3/voltage_display_ip/reports/drc_ooc.rpt.
report_drc completed successfully
INFO: [Timing 38-35] Done setting XDC timing constraints.
INFO: [Timing 38-480] Writing timing data to binary archive.
Write ShapeDB Complete: Time (s): cpu = 00:00:00 ; elapsed = 00:00:00 . Memory (MB): peak = 2689.508 ; gain = 0.000 ; free physical = 183 ; free virtual = 38024
INFO: [Common 17-1381] The checkpoint '/home/dlgus0630/Downloads/voltage_display_ip_ready_run_v3/voltage_display_ip/reports/voltage_display_ip_ooc.dcp' has been generated.
VOLTAGE_DISPLAY_IP: 100 MHz OOC timing passed (WNS=5.708 ns, TNS=0.000 ns, WHS=0.339 ns, THS=0.000 ns)
INFO: [IP_Flow 19-234] Refreshing IP repositories
INFO: [IP_Flow 19-1704] No user IP repositories specified
INFO: [IP_Flow 19-2313] Loaded Vivado IP repository '/tools/Xilinx/Vivado/2024.2/data/ip'.
INFO: [IP_Flow 19-5107] Inferred bus interface 'reset_p' of definition 'xilinx.com:signal:reset:1.0' (from Xilinx Repository).
INFO: [IP_Flow 19-5107] Inferred bus interface 'clk' of definition 'xilinx.com:signal:clock:1.0' (from Xilinx Repository).
WARNING: [IP_Flow 19-11888] Component Definition 'user.org:user:voltage_display_ip:1.0 (voltage_display_ip_v1_0)': IP description "voltage_display_ip_v1_0" is not meaningful: same as name or display name
WARNING: [IP_Flow 19-5661] Bus Interface 'clk' does not have any bus interfaces associated with it.
WARNING: [IP_Flow 19-11770] Clock interface 'clk' has no FREQ_HZ parameter.
INFO: [IP_Flow 19-2181] Payment is not required for this core.
WARNING: [IP_Flow 19-2187] The Product Guide file is missing.
INFO: [IP_Flow 19-7067] Note that bus interface 'clk' has a fixed FREQ_HZ of '100000000'. This value will be respected whenever this IP is instantiated in IP Integrator.
WARNING: [IP_Flow 19-5661] Bus Interface 'clk' does not have any bus interfaces associated with it.
INFO: [IP_Flow 19-2181] Payment is not required for this core.
WARNING: [IP_Flow 19-2187] The Product Guide file is missing.
INFO: [Ipptcl 7-1486] check_integrity: Integrity check passed.
VOLTAGE_DISPLAY_IP PACKAGE COMPLETE
VLNV: user.org:user:voltage_display_ip:1.0
IP integrity check completed.
Packaged IP: /home/dlgus0630/Downloads/voltage_display_ip_ready_run_v3/voltage_display_ip/packaged_ip/voltage_display_ip_1.0
Reports: /home/dlgus0630/Downloads/voltage_display_ip_ready_run_v3/voltage_display_ip/reports
# set script_status [catch {
#     foreach source_file [concat $rtl_files [list $tb_file $ooc_xdc]] {
#         require_file $source_file
#     }
# 
#     file mkdir $build_dir
#     file mkdir $report_dir
#     file mkdir [file dirname $ip_dir]
#     if {[file exists $ip_dir]} {
#         file delete -force $ip_dir
#     }
# 
#     # -------------------------------------------------------------------------
#     # 1. Behavioral simulation and out-of-context synthesis
#     # -------------------------------------------------------------------------
#     create_project -force voltage_display_ip_validation \
#         [file join $build_dir "validation"] -part $part_name
#     set_property target_language Verilog [current_project]
#     set_property simulator_language Verilog [current_project]
# 
#     add_files -norecurse $rtl_files
#     add_files -fileset sim_1 -norecurse $tb_file
#     add_files -fileset constrs_1 -norecurse $ooc_xdc
#     set_property top voltage_display_ip [current_fileset]
#     set_property top tb_voltage_display_ip [get_filesets sim_1]
#     update_compile_order -fileset sources_1
#     update_compile_order -fileset sim_1
# 
#     puts "VOLTAGE_DISPLAY_IP: behavioral simulation started"
#     launch_simulation -simset sim_1 -mode behavioral
#     open_vcd [file join $report_dir "voltage_display_ip.vcd"]
#     log_vcd [get_objects -r /tb_voltage_display_ip/*]
#     run all
#     close_vcd
#     close_sim
# 
#     set xsim_log [file join $build_dir "validation" \
#         "voltage_display_ip_validation.sim" "sim_1" "behav" "xsim" \
#         "simulate.log"]
#     require_file $xsim_log
#     file copy -force $xsim_log \
#         [file join $report_dir "simulation_xsim.log"]
# 
#     set xsim_log_file [open $xsim_log r]
#     set xsim_log_text [read $xsim_log_file]
#     close $xsim_log_file
# 
#     if {![regexp -line {^VOLTAGE_DISPLAY_IP TEST PASS\r?$} \
#             $xsim_log_text]} {
#         error "Behavioral simulation did not report the required PASS line."
#     }
#     if {[regexp -line {^(ERROR:|VOLTAGE_DISPLAY_IP TEST FAIL)} \
#             $xsim_log_text]} {
#         error "Behavioral simulation log contains a test error or FAIL line."
#     }
#     puts "VOLTAGE_DISPLAY_IP: behavioral simulation completed"
# 
#     puts "VOLTAGE_DISPLAY_IP: out-of-context synthesis started"
#     synth_design -top voltage_display_ip -part $part_name \
#         -mode out_of_context
# 
#     set clk_port [get_ports -quiet clk]
#     if {[llength $clk_port] != 1} {
#         error "Expected exactly one top-level clock port named 'clk'."
#     }
# 
#     # Keep the script self-contained if the XDC does not already create clk.
#     if {[llength [get_clocks -quiet -of_objects $clk_port]] == 0} {
#         create_clock -name clk -period $clock_ns $clk_port
#     }
# 
#     # OOC clock-delay/skew estimation requires a representative BUFG location.
#     set bufg_sites [get_sites -quiet -filter {SITE_TYPE == BUFGCTRL}]
#     if {[llength $bufg_sites] == 0} {
#         error "No BUFGCTRL site was found for part $part_name."
#     }
#     set_property HD.CLK_SRC \
#         [get_property NAME [lindex $bufg_sites 0]] $clk_port
# 
#     report_utilization \
#         -file [file join $report_dir "utilization_ooc.rpt"]
#     report_timing_summary -delay_type min_max -report_unconstrained \
#         -check_timing_verbose \
#         -file [file join $report_dir "timing_summary_ooc.rpt"]
#     report_methodology \
#         -file [file join $report_dir "methodology_ooc.rpt"]
#     report_drc \
#         -file [file join $report_dir "drc_ooc.rpt"]
#     write_checkpoint -force \
#         [file join $report_dir "voltage_display_ip_ooc.dcp"]
# 
#     set worst_setup_paths [get_timing_paths -quiet -delay_type max \
#         -max_paths 1 -nworst 1]
#     set worst_hold_paths [get_timing_paths -quiet -delay_type min \
#         -max_paths 1 -nworst 1]
#     if {[llength $worst_setup_paths] == 0} {
#         error "No setup timing path was found after OOC synthesis."
#     }
#     if {[llength $worst_hold_paths] == 0} {
#         error "No hold timing path was found after OOC synthesis."
#     }
# 
#     set wns [get_property SLACK [lindex $worst_setup_paths 0]]
#     set whs [get_property SLACK [lindex $worst_hold_paths 0]]
#     set setup_violations [get_timing_paths -quiet -delay_type max \
#         -slack_lesser_than 0.0 -max_paths $max_timing_paths -nworst 1]
#     set hold_violations [get_timing_paths -quiet -delay_type min \
#         -slack_lesser_than 0.0 -max_paths $max_timing_paths -nworst 1]
#     set tns [sum_negative_slack $setup_violations]
#     set ths [sum_negative_slack $hold_violations]
# 
#     set timing_summary_file \
#         [file join $report_dir "timing_metrics_ooc.txt"]
#     set timing_summary [open $timing_summary_file w]
#     puts $timing_summary "Clock period: [format %.3f $clock_ns] ns"
#     puts $timing_summary "Clock frequency: $clock_hz Hz"
#     puts $timing_summary "WNS: [format %.3f $wns] ns"
#     puts $timing_summary "TNS: [format %.3f $tns] ns"
#     puts $timing_summary "WHS: [format %.3f $whs] ns"
#     puts $timing_summary "THS: [format %.3f $ths] ns"
#     puts $timing_summary \
#         "Setup failing endpoints: [llength $setup_violations]"
#     puts $timing_summary \
#         "Hold failing endpoints: [llength $hold_violations]"
#     close $timing_summary
# 
#     if {$wns < 0.0 || $tns < 0.0} {
#         error [format \
#             "100 MHz setup timing failed. WNS=%.3f ns, TNS=%.3f ns" \
#             $wns $tns]
#     }
#     if {$whs < 0.0 || $ths < 0.0} {
#         error [format \
#             "100 MHz hold timing failed. WHS=%.3f ns, THS=%.3f ns" \
#             $whs $ths]
#     }
# 
#     puts [format \
#         "VOLTAGE_DISPLAY_IP: 100 MHz OOC timing passed (WNS=%.3f ns, TNS=%.3f ns, WHS=%.3f ns, THS=%.3f ns)" \
#         $wns $tns $whs $ths]
#     close_project
# 
#     # -------------------------------------------------------------------------
#     # 2. Package the RTL as a reusable, non-AXI custom IP
#     # -------------------------------------------------------------------------
#     create_project -force voltage_display_ip_package \
#         [file join $build_dir "package"] -part $part_name
#     set_property target_language Verilog [current_project]
#     set_property simulator_language Verilog [current_project]
# 
#     add_files -norecurse $rtl_files
#     add_files -fileset sim_1 -norecurse $tb_file
#     set_property top voltage_display_ip [current_fileset]
#     set_property top tb_voltage_display_ip [get_filesets sim_1]
#     update_compile_order -fileset sources_1
#     update_compile_order -fileset sim_1
# 
#     ipx::package_project -root_dir $ip_dir \
#         -vendor user.org -library user -taxonomy /UserIP \
#         -import_files -set_current true
# 
#     set core [ipx::current_core]
#     set_property name voltage_display_ip $core
#     set_property version 1.0 $core
#     set_property display_name {Voltage Display IP} $core
#     set_property description \
#         {Frame-consistent 0.000-3.300 V Basys3 active-low FND display} $core
#     set_property vendor_display_name {User} $core
# 
#     # Clock interface. Reuse an automatically inferred interface when present.
#     set clk_if [get_or_add_bus_interface clk $core]
#     set_property interface_mode slave $clk_if
#     set_property bus_type_vlnv xilinx.com:signal:clock:1.0 $clk_if
#     set_property abstraction_type_vlnv \
#         xilinx.com:signal:clock_rtl:1.0 $clk_if
# 
#     set clk_map [get_or_add_port_map CLK $clk_if]
#     set_property physical_name clk $clk_map
# 
#     set clk_assoc [get_or_add_bus_parameter ASSOCIATED_RESET $clk_if]
#     set_property value reset_p $clk_assoc
# 
#     set clk_freq [get_or_add_bus_parameter FREQ_HZ $clk_if]
#     set_property value $clock_hz $clk_freq
# 
#     # Active-high reset interface.
#     set rst_if [get_or_add_bus_interface reset_p $core]
#     set_property interface_mode slave $rst_if
#     set_property bus_type_vlnv xilinx.com:signal:reset:1.0 $rst_if
#     set_property abstraction_type_vlnv \
#         xilinx.com:signal:reset_rtl:1.0 $rst_if
# 
#     set rst_map [get_or_add_port_map RST $rst_if]
#     set_property physical_name reset_p $rst_map
# 
#     set rst_pol [get_or_add_bus_parameter POLARITY $rst_if]
#     set_property value ACTIVE_HIGH $rst_pol
# 
#     # Expose and document the scan-divider parameter.
#     ipx::infer_user_parameters $core
#     set scan_param \
#         [ipx::get_user_parameters SCAN_TICK_CYCLES -of_objects $core]
#     if {[llength $scan_param] != 1} {
#         error "Expected exactly one SCAN_TICK_CYCLES user parameter."
#     }
#     set_property value 100000 $scan_param
#     set_property value_format long $scan_param
#     set_property display_name {Scan Tick Cycles} $scan_param
#     set_property description \
#         {Number of input-clock cycles between FND digit scans} $scan_param
# 
#     # Keep the testbench out of synthesis while retaining it for simulation.
#     set synth_group \
#         [ipx::get_file_groups xilinx_anylanguagesynthesis -of_objects $core]
#     if {[llength $synth_group] != 1} {
#         error "Expected exactly one synthesis file group."
#     }
#     foreach packaged_file [ipx::get_files -of_objects $synth_group] {
#         if {[string match "*tb_voltage_display_ip.v" \
#                 [get_property name $packaged_file]]} {
#             ipx::remove_file \
#                 [get_property name $packaged_file] $synth_group
#         }
#     }
# 
#     set sim_group \
#         [ipx::get_file_groups \
#             xilinx_anylanguagebehavioralsimulation -of_objects $core]
#     if {[llength $sim_group] == 0} {
#         set sim_group \
#             [ipx::add_file_group \
#                 xilinx_anylanguagebehavioralsimulation $core]
#     }
#     if {[llength $sim_group] != 1} {
#         error "Expected exactly one behavioral simulation file group."
#     }
# 
#     # package_project -import_files does not consistently import files from
#     # project sim_1 into the IP simulation file group. Copy the self-checking
#     # testbench inside the IP and register it explicitly with a relative path,
#     # so component.xml never contains an external absolute path.
#     set packaged_tb_rel [file join "sim" "tb_voltage_display_ip.v"]
#     set packaged_tb_abs [file join $ip_dir $packaged_tb_rel]
#     file mkdir [file dirname $packaged_tb_abs]
#     file copy -force $tb_file $packaged_tb_abs
# 
#     set tb_in_simulation_group 0
#     foreach packaged_file [ipx::get_files -of_objects $sim_group] {
#         if {[string match "*tb_voltage_display_ip.v" \
#                 [get_property name $packaged_file]]} {
#             set tb_in_simulation_group 1
#         }
#     }
#     if {!$tb_in_simulation_group} {
#         ipx::add_file $packaged_tb_rel $sim_group
#     }
# 
#     set packaged_tb_objects {}
#     foreach packaged_file [ipx::get_files -of_objects $sim_group] {
#         if {[string match "*tb_voltage_display_ip.v" \
#                 [get_property name $packaged_file]]} {
#             lappend packaged_tb_objects $packaged_file
#         }
#     }
#     if {[llength $packaged_tb_objects] == 1} {
#         set_property type verilogSource [lindex $packaged_tb_objects 0]
#     }
#     set_property model_name tb_voltage_display_ip $sim_group
# 
#     set tb_in_simulation_group \
#         [expr {[llength $packaged_tb_objects] == 1}]
#     if {!$tb_in_simulation_group} {
#         error "The self-checking testbench is missing from the simulation file group."
#     }
# 
#     ipx::update_checksums $core
#     ipx::save_core $core
#     ipx::check_integrity $core
#     ipx::save_core $core
# 
#     set expected_vlnv "user.org:user:voltage_display_ip:1.0"
#     if {[get_property vlnv $core] ne $expected_vlnv} {
#         error "Unexpected packaged-IP VLNV: [get_property vlnv $core]"
#     }
#     if {[llength [ipx::get_memory_maps -of_objects $core]] != 0} {
#         error "The packaged IP unexpectedly contains a memory map."
#     }
# 
#     set component_xml [file join $ip_dir "component.xml"]
#     require_file $component_xml
# 
#     # Vivado does not provide a get_messages command. Query the message
#     # manager's counters and export the warning text with supported commands.
#     # Errors raised by synthesis/simulation subprocesses are also guarded by
#     # their run status checks above.
#     set error_count \
#         [get_msg_config -severity ERROR -count]
#     set critical_warning_count \
#         [get_msg_config -severity {CRITICAL WARNING} -count]
#     set warning_count \
#         [get_msg_config -severity WARNING -count]
# 
#     set warning_file \
#         [file join $report_dir "vivado_warning_messages.txt"]
#     write_messages -force -severity WARNING $warning_file
# 
#     if {$error_count != 0 || $critical_warning_count != 0} {
#         error "Vivado reported $error_count error(s) and $critical_warning_count critical warning(s)."
#     }
# 
#     set validation_summary_file \
#         [file join $report_dir "validation_summary.txt"]
#     set validation_summary [open $validation_summary_file w]
#     puts $validation_summary "VOLTAGE_DISPLAY_IP VALIDATION PASS"
#     puts $validation_summary "Simulation: VOLTAGE_DISPLAY_IP TEST PASS"
#     puts $validation_summary "Part: $part_name"
#     puts $validation_summary "Clock period: [format %.3f $clock_ns] ns"
#     puts $validation_summary "WNS: [format %.3f $wns] ns"
#     puts $validation_summary "TNS: [format %.3f $tns] ns"
#     puts $validation_summary "WHS: [format %.3f $whs] ns"
#     puts $validation_summary "THS: [format %.3f $ths] ns"
#     puts $validation_summary "VLNV: [get_property vlnv $core]"
#     puts $validation_summary "Errors: $error_count"
#     puts $validation_summary \
#         "Critical warnings: $critical_warning_count"
#     puts $validation_summary "Warnings: $warning_count"
#     close $validation_summary
# 
#     puts "VOLTAGE_DISPLAY_IP PACKAGE COMPLETE"
#     puts "VLNV: [get_property vlnv $core]"
#     puts "IP integrity check completed."
#     puts "Packaged IP: $ip_dir"
#     puts "Reports: $report_dir"
# 
#     close_project
# } script_error script_options]
# if {$script_status != 0} {
#     close_vivado_context
#     puts stderr "VOLTAGE_DISPLAY_IP PACKAGE FAILED"
#     puts stderr $script_error
#     return -options $script_options $script_error
# }
INFO: [Common 17-206] Exiting Vivado at Tue Jul 28 06:50:25 2026...
