#-----------------------------------------------------------
# Vivado v2024.2 (64-bit)
# SW Build 5239630 on Fri Nov 08 22:34:34 MST 2024
# IP Build 5239520 on Sun Nov 10 16:12:51 MST 2024
# SharedData Build 5239561 on Fri Nov 08 14:39:27 MST 2024
# Start of session at: Tue Jul 28 06:49:16 2026
# Process ID         : 173329
# Current directory  : /home/dlgus0630/Downloads/voltage_display_ip_ready_run_v3/voltage_display_ip
# Command line       : vivado -mode batch -source scripts/package_voltage_display_ip.tcl -log reports/package_voltage_display_ip.log -journal reports/package_voltage_display_ip.jou
# Log file           : /home/dlgus0630/Downloads/voltage_display_ip_ready_run_v3/voltage_display_ip/reports/package_voltage_display_ip.log
# Journal file       : /home/dlgus0630/Downloads/voltage_display_ip_ready_run_v3/voltage_display_ip/reports/package_voltage_display_ip.jou
# Running On         : dlgus0630-850XAC
# Platform           : Ubuntu
# Operating System   : Ubuntu 24.04.4 LTS
# Processor Detail   : Intel(R) Core(TM) i7-8750H CPU @ 2.20GHz
# CPU Frequency      : 3997.883 MHz
# CPU Physical cores : 6
# CPU Logical cores  : 12
# Host memory        : 16693 MB
# Swap memory        : 32000 MB
# Total Virtual      : 48694 MB
# Available Virtual  : 41424 MB
#-----------------------------------------------------------
source scripts/package_voltage_display_ip.tcl
source tb_voltage_display_ip.tcl
