Copyright 1986-2022 Xilinx, Inc. All Rights Reserved. Copyright 2022-2024 Advanced Micro Devices, Inc. All Rights Reserved.
-------------------------------------------------------------------------------------------------------------------------------------------------------------------------------------------------------------------------
| Tool Version : Vivado v.2024.2 (lin64) Build 5239630 Fri Nov 08 22:34:34 MST 2024
| Date         : Tue Jul 28 06:50:18 2026
| Host         : dlgus0630-850XAC running 64-bit Ubuntu 24.04.4 LTS
| Command      : report_timing_summary -delay_type min_max -report_unconstrained -check_timing_verbose -file /home/dlgus0630/Downloads/voltage_display_ip_ready_run_v3/voltage_display_ip/reports/timing_summary_ooc.rpt
| Design       : voltage_display_ip
| Device       : 7a35t-cpg236
| Speed File   : -1  PRODUCTION 1.23 2018-06-13
| Design State : Synthesized
-------------------------------------------------------------------------------------------------------------------------------------------------------------------------------------------------------------------------

Timing Summary Report

------------------------------------------------------------------------------------------------
| Timer Settings
| --------------
------------------------------------------------------------------------------------------------

  Enable Multi Corner Analysis               :  Yes
  Enable Pessimism Removal                   :  Yes
  Pessimism Removal Resolution               :  Nearest Common Node
  Enable Input Delay Default Clock           :  No
  Enable Preset / Clear Arcs                 :  No
  Disable Flight Delays                      :  No
  Ignore I/O Paths                           :  No
  Timing Early Launch at Borrowing Latches   :  No
  Borrow Time for Max Delay Exceptions       :  Yes
  Merge Timing Exceptions                    :  Yes
  Inter-SLR Compensation                     :  Conservative

  Corner  Analyze    Analyze    
  Name    Max Paths  Min Paths  
  ------  ---------  ---------  
  Slow    Yes        Yes        
  Fast    Yes        Yes        


------------------------------------------------------------------------------------------------
| Report Methodology
| ------------------
------------------------------------------------------------------------------------------------

No report available as report_methodology has not been run prior. Run report_methodology on the current design for the summary of methodology violations.



check_timing report

Table of Contents
-----------------
1. checking no_clock (0)
2. checking constant_clock (0)
3. checking pulse_width_clock (0)
4. checking unconstrained_internal_endpoints (0)
5. checking no_input_delay (14)
6. checking no_output_delay (12)
7. checking multiple_clock (0)
8. checking generated_clocks (0)
9. checking loops (0)
10. checking partial_input_delay (0)
11. checking partial_output_delay (0)
12. checking latch_loops (0)

1. checking no_clock (0)
------------------------
 There are 0 register/latch pins with no clock.


2. checking constant_clock (0)
------------------------------
 There are 0 register/latch pins with constant_clock.


3. checking pulse_width_clock (0)
---------------------------------
 There are 0 register/latch pins which need pulse_width check


4. checking unconstrained_internal_endpoints (0)
------------------------------------------------
 There are 0 pins that are not constrained for maximum delay.

 There are 0 pins that are not constrained for maximum delay due to constant clock.


5. checking no_input_delay (14)
-------------------------------
 There are 14 input ports with no input delay specified. (HIGH)

current_adc[0]
current_adc[10]
current_adc[11]
current_adc[1]
current_adc[2]
current_adc[3]
current_adc[4]
current_adc[5]
current_adc[6]
current_adc[7]
current_adc[8]
current_adc[9]
display_valid
reset_p

 There are 0 input ports with no input delay but user has a false path constraint.


6. checking no_output_delay (12)
--------------------------------
 There are 12 ports with no output delay specified. (HIGH)

an[0]
an[1]
an[2]
an[3]
dp
seg[0]
seg[1]
seg[2]
seg[3]
seg[4]
seg[5]
seg[6]

 There are 0 ports with no output delay but user has a false path constraint

 There are 0 ports with no output delay but with a timing clock defined on it or propagating through it


7. checking multiple_clock (0)
------------------------------
 There are 0 register/latch pins with multiple clocks.


8. checking generated_clocks (0)
--------------------------------
 There are 0 generated clocks that are not connected to a clock source.


9. checking loops (0)
---------------------
 There are 0 combinational loops in the design.


10. checking partial_input_delay (0)
------------------------------------
 There are 0 input ports with partial input delay specified.


11. checking partial_output_delay (0)
-------------------------------------
 There are 0 ports with partial output delay specified.


12. checking latch_loops (0)
----------------------------
 There are 0 combinational latch loops in the design through latch input



------------------------------------------------------------------------------------------------
| Design Timing Summary
| ---------------------
------------------------------------------------------------------------------------------------

    WNS(ns)      TNS(ns)  TNS Failing Endpoints  TNS Total Endpoints      WHS(ns)      THS(ns)  THS Failing Endpoints  THS Total Endpoints     WPWS(ns)     TPWS(ns)  TPWS Failing Endpoints  TPWS Total Endpoints  
    -------      -------  ---------------------  -------------------      -------      -------  ---------------------  -------------------     --------     --------  ----------------------  --------------------  
      5.708        0.000                      0                   32        0.339        0.000                      0                   32        4.500        0.000                       0                    32  


All user specified timing constraints are met.


------------------------------------------------------------------------------------------------
| Clock Summary
| -------------
------------------------------------------------------------------------------------------------

Clock  Waveform(ns)       Period(ns)      Frequency(MHz)
-----  ------------       ----------      --------------
clk    {0.000 5.000}      10.000          100.000         


------------------------------------------------------------------------------------------------
| Intra Clock Table
| -----------------
------------------------------------------------------------------------------------------------

Clock             WNS(ns)      TNS(ns)  TNS Failing Endpoints  TNS Total Endpoints      WHS(ns)      THS(ns)  THS Failing Endpoints  THS Total Endpoints     WPWS(ns)     TPWS(ns)  TPWS Failing Endpoints  TPWS Total Endpoints  
-----             -------      -------  ---------------------  -------------------      -------      -------  ---------------------  -------------------     --------     --------  ----------------------  --------------------  
clk                 5.708        0.000                      0                   32        0.339        0.000                      0                   32        4.500        0.000                       0                    32  


------------------------------------------------------------------------------------------------
| Inter Clock Table
| -----------------
------------------------------------------------------------------------------------------------

From Clock    To Clock          WNS(ns)      TNS(ns)  TNS Failing Endpoints  TNS Total Endpoints      WHS(ns)      THS(ns)  THS Failing Endpoints  THS Total Endpoints  
----------    --------          -------      -------  ---------------------  -------------------      -------      -------  ---------------------  -------------------  


------------------------------------------------------------------------------------------------
| Other Path Groups Table
| -----------------------
------------------------------------------------------------------------------------------------

Path Group    From Clock    To Clock          WNS(ns)      TNS(ns)  TNS Failing Endpoints  TNS Total Endpoints      WHS(ns)      THS(ns)  THS Failing Endpoints  THS Total Endpoints  
----------    ----------    --------          -------      -------  ---------------------  -------------------      -------      -------  ---------------------  -------------------  


------------------------------------------------------------------------------------------------
| User Ignored Path Table
| -----------------------
------------------------------------------------------------------------------------------------

Path Group    From Clock    To Clock    
----------    ----------    --------    


------------------------------------------------------------------------------------------------
| Unconstrained Path Table
| ------------------------
------------------------------------------------------------------------------------------------

Path Group    From Clock    To Clock    
----------    ----------    --------    
(none)                                    
(none)        clk                         
(none)                      clk           


------------------------------------------------------------------------------------------------
| Timing Details
| --------------
------------------------------------------------------------------------------------------------


---------------------------------------------------------------------------------------------------
From Clock:  clk
  To Clock:  clk

Setup :            0  Failing Endpoints,  Worst Slack        5.708ns,  Total Violation        0.000ns
Hold  :            0  Failing Endpoints,  Worst Slack        0.339ns,  Total Violation        0.000ns
PW    :            0  Failing Endpoints,  Worst Slack        4.500ns,  Total Violation        0.000ns
---------------------------------------------------------------------------------------------------


Max Delay Paths
--------------------------------------------------------------------------------------
Slack (MET) :             5.708ns  (required time - arrival time)
  Source:                 u_voltage_display_scan/scan_counter_reg[6]/C
                            (rising edge-triggered cell FDCE clocked by clk  {rise@0.000ns fall@5.000ns period=10.000ns})
  Destination:            frame_adc_reg[0]/CE
                            (rising edge-triggered cell FDCE clocked by clk  {rise@0.000ns fall@5.000ns period=10.000ns})
  Path Group:             clk
  Path Type:              Setup (Max at Slow Process Corner)
  Requirement:            10.000ns  (clk rise@10.000ns - clk rise@0.000ns)
  Data Path Delay:        3.913ns  (logic 1.007ns (25.735%)  route 2.906ns (74.265%))
  Logic Levels:           4  (LUT3=1 LUT6=3)
  Clock Path Skew:        -0.049ns (DCD - SCD + CPR)
    Destination Clock Delay (DCD):    0.924ns = ( 10.924 - 10.000 ) 
    Source Clock Delay      (SCD):    0.973ns
    Clock Pessimism Removal (CPR):    0.000ns
  Clock Uncertainty:      0.035ns  ((TSJ^2 + TIJ^2)^1/2 + DJ) / 2 + PE
    Total System Jitter     (TSJ):    0.071ns
    Total Input Jitter      (TIJ):    0.000ns
    Discrete Jitter          (DJ):    0.000ns
    Phase Error              (PE):    0.000ns

    Location             Delay type                Incr(ns)  Path(ns)    Netlist Resource(s)
  -------------------------------------------------------------------    -------------------
                         (clock clk rise edge)        0.000     0.000 r  
                                                      0.000     0.000 r  clk (IN)
                         net (fo=31, unset)           0.973     0.973    u_voltage_display_scan/clk
                         FDCE                                         r  u_voltage_display_scan/scan_counter_reg[6]/C
  -------------------------------------------------------------------    -------------------
                         FDCE (Prop_fdce_C_Q)         0.340     1.313 r  u_voltage_display_scan/scan_counter_reg[6]/Q
                         net (fo=2, unplaced)         0.976     2.289    u_voltage_display_scan/scan_counter[6]
                         LUT6 (Prop_lut6_I0_O)        0.295     2.584 r  u_voltage_display_scan/scan_counter[16]_i_5/O
                         net (fo=1, unplaced)         0.449     3.033    u_voltage_display_scan/scan_counter[16]_i_5_n_0
                         LUT6 (Prop_lut6_I3_O)        0.124     3.157 r  u_voltage_display_scan/scan_counter[16]_i_3/O
                         net (fo=1, unplaced)         0.449     3.606    u_voltage_display_scan/scan_counter[16]_i_3_n_0
                         LUT6 (Prop_lut6_I3_O)        0.124     3.730 r  u_voltage_display_scan/scan_counter[16]_i_2/O
                         net (fo=20, unplaced)        0.509     4.239    u_voltage_display_scan/scan_counter[16]_i_2_n_0
                         LUT3 (Prop_lut3_I0_O)        0.124     4.363 r  u_voltage_display_scan/frame_adc[11]_i_1/O
                         net (fo=13, unplaced)        0.523     4.886    u_voltage_display_scan_n_10
                         FDCE                                         r  frame_adc_reg[0]/CE
  -------------------------------------------------------------------    -------------------

                         (clock clk rise edge)       10.000    10.000 r  
                                                      0.000    10.000 r  clk (IN)
                         net (fo=31, unset)           0.924    10.924    clk
                         FDCE                                         r  frame_adc_reg[0]/C
                         clock pessimism              0.000    10.924    
                         clock uncertainty           -0.035    10.889    
                         FDCE (Setup_fdce_C_CE)      -0.295    10.594    frame_adc_reg[0]
  -------------------------------------------------------------------
                         required time                         10.594    
                         arrival time                          -4.886    
  -------------------------------------------------------------------
                         slack                                  5.708    





Min Delay Paths
--------------------------------------------------------------------------------------
Slack (MET) :             0.339ns  (arrival time - required time)
  Source:                 u_voltage_display_scan/scan_counter_reg[0]/C
                            (rising edge-triggered cell FDCE clocked by clk  {rise@0.000ns fall@5.000ns period=10.000ns})
  Destination:            u_voltage_display_scan/scan_counter_reg[0]/D
                            (rising edge-triggered cell FDCE clocked by clk  {rise@0.000ns fall@5.000ns period=10.000ns})
  Path Group:             clk
  Path Type:              Hold (Min at Fast Process Corner)
  Requirement:            0.000ns  (clk rise@0.000ns - clk rise@0.000ns)
  Data Path Delay:        0.416ns  (logic 0.210ns (50.517%)  route 0.206ns (49.483%))
  Logic Levels:           1  (LUT2=1)
  Clock Path Skew:        0.022ns (DCD - SCD - CPR)
    Destination Clock Delay (DCD):    0.432ns
    Source Clock Delay      (SCD):    0.410ns
    Clock Pessimism Removal (CPR):    -0.000ns

    Location             Delay type                Incr(ns)  Path(ns)    Netlist Resource(s)
  -------------------------------------------------------------------    -------------------
                         (clock clk rise edge)        0.000     0.000 r  
                                                      0.000     0.000 r  clk (IN)
                         net (fo=31, unset)           0.410     0.410    u_voltage_display_scan/clk
                         FDCE                                         r  u_voltage_display_scan/scan_counter_reg[0]/C
  -------------------------------------------------------------------    -------------------
                         FDCE (Prop_fdce_C_Q)         0.112     0.522 f  u_voltage_display_scan/scan_counter_reg[0]/Q
                         net (fo=3, unplaced)         0.206     0.728    u_voltage_display_scan/scan_counter[0]
                         LUT2 (Prop_lut2_I0_O)        0.098     0.826 r  u_voltage_display_scan/scan_counter[0]_i_1/O
                         net (fo=1, unplaced)         0.000     0.826    u_voltage_display_scan/scan_counter[0]_i_1_n_0
                         FDCE                                         r  u_voltage_display_scan/scan_counter_reg[0]/D
  -------------------------------------------------------------------    -------------------

                         (clock clk rise edge)        0.000     0.000 r  
                                                      0.000     0.000 r  clk (IN)
                         net (fo=31, unset)           0.432     0.432    u_voltage_display_scan/clk
                         FDCE                                         r  u_voltage_display_scan/scan_counter_reg[0]/C
                         clock pessimism              0.000     0.432    
                         FDCE (Hold_fdce_C_D)         0.055     0.487    u_voltage_display_scan/scan_counter_reg[0]
  -------------------------------------------------------------------
                         required time                         -0.487    
                         arrival time                           0.826    
  -------------------------------------------------------------------
                         slack                                  0.339    





Pulse Width Checks
--------------------------------------------------------------------------------------
Clock Name:         clk
Waveform(ns):       { 0.000 5.000 }
Period(ns):         10.000
Sources:            { clk }

Check Type        Corner  Lib Pin  Reference Pin  Required(ns)  Actual(ns)  Slack(ns)  Location  Pin
Min Period        n/a     FDCE/C   n/a            1.000         10.000      9.000                frame_adc_reg[0]/C
Low Pulse Width   Slow    FDCE/C   n/a            0.500         5.000       4.500                frame_adc_reg[0]/C
High Pulse Width  Slow    FDCE/C   n/a            0.500         5.000       4.500                frame_adc_reg[0]/C



--------------------------------------------------------------------------------------
Path Group:  (none)
From Clock:  
  To Clock:  

Max Delay            12 Endpoints
Min Delay            12 Endpoints
--------------------------------------------------------------------------------------


Max Delay Paths
--------------------------------------------------------------------------------------
Slack:                    inf
  Source:                 reset_p
                            (input port)
  Destination:            dp
                            (output port)
  Path Group:             (none)
  Path Type:              Max at Slow Process Corner
  Data Path Delay:        2.094ns  (logic 0.148ns (7.068%)  route 1.946ns (92.932%))
  Logic Levels:           1  (LUT4=1)

    Location             Delay type                Incr(ns)  Path(ns)    Netlist Resource(s)
  -------------------------------------------------------------------    -------------------
                                                      0.000     0.000 r  reset_p (IN)
                         net (fo=43, unset)           0.973     0.973    u_voltage_display_scan/reset_p
                         LUT4 (Prop_lut4_I1_O)        0.148     1.121 r  u_voltage_display_scan/dp_INST_0/O
                         net (fo=0)                   0.973     2.094    dp
                                                                      r  dp (OUT)
  -------------------------------------------------------------------    -------------------





Min Delay Paths
--------------------------------------------------------------------------------------
Slack:                    inf
  Source:                 reset_p
                            (input port)
  Destination:            dp
                            (output port)
  Path Group:             (none)
  Path Type:              Min at Fast Process Corner
  Data Path Delay:        0.863ns  (logic 0.043ns (4.981%)  route 0.820ns (95.019%))
  Logic Levels:           1  (LUT4=1)

    Location             Delay type                Incr(ns)  Path(ns)    Netlist Resource(s)
  -------------------------------------------------------------------    -------------------
                                                      0.000     0.000 r  reset_p (IN)
                         net (fo=43, unset)           0.410     0.410    u_voltage_display_scan/reset_p
                         LUT4 (Prop_lut4_I1_O)        0.043     0.453 r  u_voltage_display_scan/dp_INST_0/O
                         net (fo=0)                   0.410     0.863    dp
                                                                      r  dp (OUT)
  -------------------------------------------------------------------    -------------------





--------------------------------------------------------------------------------------
Path Group:  (none)
From Clock:  clk
  To Clock:  

Max Delay            12 Endpoints
Min Delay            12 Endpoints
--------------------------------------------------------------------------------------


Max Delay Paths
--------------------------------------------------------------------------------------
Slack:                    inf
  Source:                 frame_adc_reg[11]/C
                            (rising edge-triggered cell FDCE clocked by clk  {rise@0.000ns fall@5.000ns period=10.000ns})
  Destination:            seg[2]
                            (output port)
  Path Group:             (none)
  Path Type:              Max at Slow Process Corner
  Data Path Delay:        19.545ns  (logic 7.775ns (39.779%)  route 11.770ns (60.221%))
  Logic Levels:           17  (CARRY4=5 DSP48E1=1 LUT2=1 LUT4=1 LUT5=3 LUT6=6)
  Clock Uncertainty:      0.025ns  ((TSJ^2 + TIJ^2)^1/2 + DJ) / 2 + PE
    Total System Jitter     (TSJ):    0.050ns
    Total Input Jitter      (TIJ):    0.000ns
    Discrete Jitter          (DJ):    0.000ns
    Phase Error              (PE):    0.000ns

    Location             Delay type                Incr(ns)  Path(ns)    Netlist Resource(s)
  -------------------------------------------------------------------    -------------------
                         (clock clk rise edge)        0.000     0.000 r  
                                                      0.000     0.000 r  clk (IN)
                         net (fo=31, unset)           0.973     0.973    clk
                         FDCE                                         r  frame_adc_reg[11]/C
  -------------------------------------------------------------------    -------------------
                         FDCE (Prop_fdce_C_Q)         0.340     1.313 r  frame_adc_reg[11]/Q
                         net (fo=1, unplaced)         0.800     2.113    u_voltage_display_convert/Q[11]
                         DSP48E1 (Prop_dsp48e1_A[11]_P[13])
                                                      4.016     6.129 r  u_voltage_display_convert/converted_value3/P[13]
                         net (fo=2, unplaced)         0.800     6.928    u_voltage_display_convert/p_0_in[1]
                         LUT2 (Prop_lut2_I1_O)        0.124     7.052 r  u_voltage_display_convert/seg[6]_INST_0_i_89/O
                         net (fo=1, unplaced)         0.000     7.052    u_voltage_display_convert/seg[6]_INST_0_i_89_n_0
                         CARRY4 (Prop_carry4_S[1]_CO[3])
                                                      0.533     7.585 r  u_voltage_display_convert/seg[6]_INST_0_i_84/CO[3]
                         net (fo=1, unplaced)         0.009     7.594    u_voltage_display_convert/seg[6]_INST_0_i_84_n_0
                         CARRY4 (Prop_carry4_CI_CO[3])
                                                      0.117     7.711 r  u_voltage_display_convert/seg[6]_INST_0_i_85/CO[3]
                         net (fo=1, unplaced)         0.000     7.711    u_voltage_display_convert/seg[6]_INST_0_i_85_n_0
                         CARRY4 (Prop_carry4_CI_O[2])
                                                      0.256     7.967 f  u_voltage_display_convert/seg[6]_INST_0_i_86/O[2]
                         net (fo=1, unplaced)         0.905     8.872    u_voltage_display_convert/quotient_correction_sum[10]
                         LUT4 (Prop_lut4_I0_O)        0.301     9.173 r  u_voltage_display_convert/seg[6]_INST_0_i_69/O
                         net (fo=1, unplaced)         0.902    10.075    u_voltage_display_convert/seg[6]_INST_0_i_69_n_0
                         LUT5 (Prop_lut5_I2_O)        0.124    10.199 r  u_voltage_display_convert/seg[6]_INST_0_i_30/O
                         net (fo=1, unplaced)         0.000    10.199    u_voltage_display_convert/seg[6]_INST_0_i_30_n_0
                         CARRY4 (Prop_carry4_S[0]_CO[3])
                                                      0.513    10.712 r  u_voltage_display_convert/seg[6]_INST_0_i_7/CO[3]
                         net (fo=1, unplaced)         0.009    10.721    u_voltage_display_convert/seg[6]_INST_0_i_7_n_0
                         CARRY4 (Prop_carry4_CI_O[2])
                                                      0.256    10.977 f  u_voltage_display_convert/seg[6]_INST_0_i_67/O[2]
                         net (fo=6, unplaced)         1.146    12.123    u_voltage_display_convert/seg[6]_INST_0_i_67_n_5
                         LUT6 (Prop_lut6_I4_O)        0.301    12.424 f  u_voltage_display_convert/seg[6]_INST_0_i_28/O
                         net (fo=7, unplaced)         0.484    12.908    u_voltage_display_convert/seg[6]_INST_0_i_28_n_0
                         LUT6 (Prop_lut6_I3_O)        0.124    13.032 r  u_voltage_display_convert/seg[6]_INST_0_i_81/O
                         net (fo=8, unplaced)         0.940    13.972    u_voltage_display_convert/seg[6]_INST_0_i_81_n_0
                         LUT6 (Prop_lut6_I2_O)        0.124    14.096 r  u_voltage_display_convert/seg[6]_INST_0_i_51/O
                         net (fo=8, unplaced)         1.149    15.245    u_voltage_display_convert/seg[6]_INST_0_i_51_n_0
                         LUT5 (Prop_lut5_I0_O)        0.150    15.395 r  u_voltage_display_convert/seg[6]_INST_0_i_45/O
                         net (fo=5, unplaced)         1.139    16.534    u_voltage_display_convert/seg[6]_INST_0_i_45_n_0
                         LUT5 (Prop_lut5_I0_O)        0.124    16.658 r  u_voltage_display_convert/seg[6]_INST_0_i_38/O
                         net (fo=3, unplaced)         0.467    17.125    u_voltage_display_convert/seg[6]_INST_0_i_38_n_0
                         LUT6 (Prop_lut6_I3_O)        0.124    17.249 r  u_voltage_display_convert/seg[6]_INST_0_i_19/O
                         net (fo=1, unplaced)         1.111    18.360    u_voltage_display_convert/seg[6]_INST_0_i_19_n_0
                         LUT6 (Prop_lut6_I0_O)        0.124    18.484 r  u_voltage_display_convert/seg[6]_INST_0_i_4/O
                         net (fo=7, unplaced)         0.937    19.421    u_voltage_display_convert/sel0[3]
                         LUT6 (Prop_lut6_I1_O)        0.124    19.545 r  u_voltage_display_convert/seg[2]_INST_0/O
                         net (fo=0)                   0.973    20.518    seg[2]
                                                                      r  seg[2] (OUT)
  -------------------------------------------------------------------    -------------------





Min Delay Paths
--------------------------------------------------------------------------------------
Slack:                    inf
  Source:                 u_voltage_display_scan/scan_index_reg[1]/C
                            (rising edge-triggered cell FDCE clocked by clk  {rise@0.000ns fall@5.000ns period=10.000ns})
  Destination:            an[1]
                            (output port)
  Path Group:             (none)
  Path Type:              Min at Fast Process Corner
  Data Path Delay:        0.776ns  (logic 0.210ns (27.058%)  route 0.566ns (72.942%))
  Logic Levels:           1  (LUT3=1)
  Clock Uncertainty:      0.025ns  ((TSJ^2 + TIJ^2)^1/2 + DJ) / 2 + PE
    Total System Jitter     (TSJ):    0.050ns
    Total Input Jitter      (TIJ):    0.000ns
    Discrete Jitter          (DJ):    0.000ns
    Phase Error              (PE):    0.000ns

    Location             Delay type                Incr(ns)  Path(ns)    Netlist Resource(s)
  -------------------------------------------------------------------    -------------------
                         (clock clk rise edge)        0.000     0.000 r  
                                                      0.000     0.000 r  clk (IN)
                         net (fo=31, unset)           0.410     0.410    u_voltage_display_scan/clk
                         FDCE                                         r  u_voltage_display_scan/scan_index_reg[1]/C
  -------------------------------------------------------------------    -------------------
                         FDCE (Prop_fdce_C_Q)         0.112     0.522 r  u_voltage_display_scan/scan_index_reg[1]/Q
                         net (fo=19, unplaced)        0.156     0.678    u_voltage_display_scan/scan_index[1]
                         LUT3 (Prop_lut3_I2_O)        0.098     0.776 r  u_voltage_display_scan/an[1]_INST_0/O
                         net (fo=0)                   0.410     1.186    an[1]
                                                                      r  an[1] (OUT)
  -------------------------------------------------------------------    -------------------





--------------------------------------------------------------------------------------
Path Group:  (none)
From Clock:  
  To Clock:  clk

Max Delay            45 Endpoints
Min Delay            45 Endpoints
--------------------------------------------------------------------------------------


Max Delay Paths
--------------------------------------------------------------------------------------
Slack:                    inf
  Source:                 reset_p
                            (input port)
  Destination:            frame_adc_reg[0]/CLR
                            (recovery check against rising-edge clock clk  {rise@0.000ns fall@5.000ns period=10.000ns})
  Path Group:             (none)
  Path Type:              Recovery (Max at Slow Process Corner)
  Data Path Delay:        0.973ns  (logic 0.000ns (0.000%)  route 0.973ns (100.000%))
  Logic Levels:           0  
  Clock Path Skew:        0.924ns (DCD - SCD + CPR)
    Destination Clock Delay (DCD):    0.924ns
    Source Clock Delay      (SCD):    0.000ns
    Clock Pessimism Removal (CPR):    0.000ns
  Clock Uncertainty:      0.025ns  ((TSJ^2 + TIJ^2)^1/2 + DJ) / 2 + PE
    Total System Jitter     (TSJ):    0.050ns
    Total Input Jitter      (TIJ):    0.000ns
    Discrete Jitter          (DJ):    0.000ns
    Phase Error              (PE):    0.000ns

    Location             Delay type                Incr(ns)  Path(ns)    Netlist Resource(s)
  -------------------------------------------------------------------    -------------------
                                                      0.000     0.000 f  reset_p (IN)
                         net (fo=43, unset)           0.973     0.973    reset_p
                         FDCE                                         f  frame_adc_reg[0]/CLR
  -------------------------------------------------------------------    -------------------

                         (clock clk rise edge)        0.000     0.000 r  
                                                      0.000     0.000 r  clk (IN)
                         net (fo=31, unset)           0.924     0.924    clk
                         FDCE                                         r  frame_adc_reg[0]/C





Min Delay Paths
--------------------------------------------------------------------------------------
Slack:                    inf
  Source:                 reset_p
                            (input port)
  Destination:            frame_adc_reg[0]/CLR
                            (removal check against rising-edge clock clk  {rise@0.000ns fall@5.000ns period=10.000ns})
  Path Group:             (none)
  Path Type:              Removal (Min at Fast Process Corner)
  Data Path Delay:        0.410ns  (logic 0.000ns (0.000%)  route 0.410ns (100.000%))
  Logic Levels:           0  
  Clock Path Skew:        0.432ns (DCD - SCD - CPR)
    Destination Clock Delay (DCD):    0.432ns
    Source Clock Delay      (SCD):    0.000ns
    Clock Pessimism Removal (CPR):    -0.000ns

    Location             Delay type                Incr(ns)  Path(ns)    Netlist Resource(s)
  -------------------------------------------------------------------    -------------------
                                                      0.000     0.000 f  reset_p (IN)
                         net (fo=43, unset)           0.410     0.410    reset_p
                         FDCE                                         f  frame_adc_reg[0]/CLR
  -------------------------------------------------------------------    -------------------

                         (clock clk rise edge)        0.000     0.000 r  
                                                      0.000     0.000 r  clk (IN)
                         net (fo=31, unset)           0.432     0.432    clk
                         FDCE                                         r  frame_adc_reg[0]/C





